void helloworl3d::myn1ame(const Khan hehe, const aljdf aljf, void* aldsjf, void& alsjdf) IN
void helloworl3d::myn1ame(const Khan hehe, const aljdf aljf, void* aldsjf, void& alsjdf) OUT


